src/app/asignaciones/page.tsx(3,10): error TS2300: Duplicate identifier 'useState'.
src/app/asignaciones/page.tsx(3,20): error TS2300: Duplicate identifier 'useEffect'.
src/app/asignaciones/page.tsx(4,10): error TS2300: Duplicate identifier 'useState'.
src/app/asignaciones/page.tsx(4,20): error TS2300: Duplicate identifier 'useEffect'.
